  Camera.cpp
C:\computerGraphics\CG_3semester-main (1)\CG_3semester-main\3semester\src что-то поднимается карта выпрям красиво\Common\d3dUtil.h(232,34): warning C4305: инициализация: усечение из "double" в "float"
  (компиляция исходного файла "../../Common/Camera.cpp")
  
  d3dApp.cpp
C:\computerGraphics\CG_3semester-main (1)\CG_3semester-main\3semester\src что-то поднимается карта выпрям красиво\Common\d3dUtil.h(232,34): warning C4305: инициализация: усечение из "double" в "float"
  (компиляция исходного файла "../../Common/d3dApp.cpp")
  
  d3dUtil.cpp
C:\computerGraphics\CG_3semester-main (1)\CG_3semester-main\3semester\src что-то поднимается карта выпрям красиво\Common\d3dUtil.h(232,34): warning C4305: инициализация: усечение из "double" в "float"
  (компиляция исходного файла "../../Common/d3dUtil.cpp")
  
  DDSTextureLoader.cpp
  GameTimer.cpp
  GeometryGenerator.cpp
  MathHelper.cpp
  BasicTessellationApp.cpp
C:\computerGraphics\CG_3semester-main (1)\CG_3semester-main\3semester\src что-то поднимается карта выпрям красиво\Common\d3dUtil.h(232,34): warning C4305: инициализация: усечение из "double" в "float"
  (компиляция исходного файла "BasicTessellationApp.cpp")
  
  FrameResource.cpp
C:\computerGraphics\CG_3semester-main (1)\CG_3semester-main\3semester\src что-то поднимается карта выпрям красиво\Common\d3dUtil.h(232,34): warning C4305: инициализация: усечение из "double" в "float"
  (компиляция исходного файла "FrameResource.cpp")
  
  Создание кода...
  BasicTessellation.vcxproj -> C:\computerGraphics\CG_3semester-main (1)\CG_3semester-main\3semester\src что-то поднимается карта выпрям красиво\Terrain\UploadTerrain\x64\Debug\BasicTessellation.exe
